------------------------------------------------------------
TimeQuest Timing Analyzer Summary
------------------------------------------------------------

Type  : Slow 1200mV 85C Model Setup 'curr_state.norm'
Slack : -3.001
TNS   : -3.001

Type  : Slow 1200mV 85C Model Setup 'clock'
Slack : -2.488
TNS   : -48.747

Type  : Slow 1200mV 85C Model Hold 'clock'
Slack : -0.035
TNS   : -0.035

Type  : Slow 1200mV 85C Model Hold 'curr_state.norm'
Slack : 2.760
TNS   : 0.000

Type  : Slow 1200mV 85C Model Minimum Pulse Width 'clock'
Slack : -3.000
TNS   : -43.000

Type  : Slow 1200mV 85C Model Minimum Pulse Width 'curr_state.norm'
Slack : 0.417
TNS   : 0.000

Type  : Slow 1200mV 0C Model Setup 'curr_state.norm'
Slack : -2.660
TNS   : -2.660

Type  : Slow 1200mV 0C Model Setup 'clock'
Slack : -2.178
TNS   : -41.757

Type  : Slow 1200mV 0C Model Hold 'clock'
Slack : -0.022
TNS   : -0.022

Type  : Slow 1200mV 0C Model Hold 'curr_state.norm'
Slack : 2.572
TNS   : 0.000

Type  : Slow 1200mV 0C Model Minimum Pulse Width 'clock'
Slack : -3.000
TNS   : -43.000

Type  : Slow 1200mV 0C Model Minimum Pulse Width 'curr_state.norm'
Slack : 0.431
TNS   : 0.000

Type  : Fast 1200mV 0C Model Setup 'curr_state.norm'
Slack : -1.477
TNS   : -1.477

Type  : Fast 1200mV 0C Model Setup 'clock'
Slack : -1.037
TNS   : -18.569

Type  : Fast 1200mV 0C Model Hold 'clock'
Slack : -0.044
TNS   : -0.044

Type  : Fast 1200mV 0C Model Hold 'curr_state.norm'
Slack : 1.747
TNS   : 0.000

Type  : Fast 1200mV 0C Model Minimum Pulse Width 'clock'
Slack : -3.000
TNS   : -45.452

Type  : Fast 1200mV 0C Model Minimum Pulse Width 'curr_state.norm'
Slack : 0.451
TNS   : 0.000

------------------------------------------------------------
